BNA-LOG >> [ERROR][21 04 2026 16:43:56][org.hibernate.util.JDBCExceptionReporter][Cannot create PoolableConnectionFactory (Exception d'E/S: The Network Adapter could not establish the connection)]
 BNA-LOG >> [ERROR][21 04 2026 16:44:19][org.hibernate.util.JDBCExceptionReporter][Cannot create PoolableConnectionFactory (Exception d'E/S: The Network Adapter could not establish the connection)]
 BNA-LOG >> [ERROR][21 04 2026 16:45:03][org.hibernate.util.JDBCExceptionReporter][Cannot create PoolableConnectionFactory (Exception d'E/S: The Network Adapter could not establish the connection)]
 BNA-LOG >> [ERROR][21 04 2026 16:45:24][org.hibernate.util.JDBCExceptionReporter][Cannot create PoolableConnectionFactory (Exception d'E/S: The Network Adapter could not establish the connection)]
 BNA-LOG >> [ERROR][24 04 2026 16:16:28][org.hibernate.util.JDBCExceptionReporter][ORA-00001: violation de contrainte unique (SMILE.JOURNEE_ST_PK)
]
 BNA-LOG >> [ERROR][24 04 2026 16:16:28][org.hibernate.util.JDBCExceptionReporter][ORA-00001: violation de contrainte unique (SMILE.JOURNEE_ST_PK)
]
 BNA-LOG >> [ERROR][24 04 2026 16:16:28][org.hibernate.event.def.AbstractFlushingEventListener][Could not synchronize database state with session]
 org.hibernate.exception.ConstraintViolationException: Could not execute JDBC batch update
	at org.hibernate.exception.SQLStateConverter.convert(SQLStateConverter.java:71)
	at org.hibernate.exception.JDBCExceptionHelper.convert(JDBCExceptionHelper.java:43)
	at org.hibernate.jdbc.AbstractBatcher.executeBatch(AbstractBatcher.java:254)
	at org.hibernate.engine.ActionQueue.executeActions(ActionQueue.java:266)
	at org.hibernate.engine.ActionQueue.executeActions(ActionQueue.java:167)
	at org.hibernate.event.def.AbstractFlushingEventListener.performExecutions(AbstractFlushingEventListener.java:298)
	at org.hibernate.event.def.DefaultFlushEventListener.onFlush(DefaultFlushEventListener.java:27)
	at org.hibernate.impl.SessionImpl.flush(SessionImpl.java:1001)
	at org.hibernate.impl.SessionImpl.managedFlush(SessionImpl.java:339)
	at org.hibernate.transaction.JDBCTransaction.commit(JDBCTransaction.java:106)
	at org.springframework.orm.hibernate3.HibernateTransactionManager.doCommit(HibernateTransactionManager.java:558)
	at org.springframework.transaction.support.AbstractPlatformTransactionManager.processCommit(AbstractPlatformTransactionManager.java:540)
	at org.springframework.transaction.support.AbstractPlatformTransactionManager.commit(AbstractPlatformTransactionManager.java:510)
	at org.springframework.transaction.interceptor.TransactionAspectSupport.commitTransactionAfterReturning(TransactionAspectSupport.java:310)
	at org.springframework.transaction.interceptor.TransactionInterceptor.invoke(TransactionInterceptor.java:117)
	at org.springframework.aop.framework.ReflectiveMethodInvocation.proceed(ReflectiveMethodInvocation.java:185)
	at org.springframework.aop.framework.Cglib2AopProxy$DynamicAdvisedInterceptor.intercept(Cglib2AopProxy.java:652)
	at com.bna.smile.model.domainecommun.service.CRUDservice$$EnhancerByCGLIB$$71eaf4b6.create(<generated>)
	at com.bna.smile.model.domaineplacement.traitement.LiquidationAEcheanceTrt.perform(LiquidationAEcheanceTrt.java:100)
	at com.oxia.fwk.beans.traitement.AbstractTraitement.exec(AbstractTraitement.java:386)
	at com.bna.smile.batch.moulinette.MoulinetteLiquidationAecheance.perform(MoulinetteLiquidationAecheance.java:28)
	at com.oxia.scheduling.quartz.core.AbstractJob.executeInternal(AbstractJob.java:44)
	at org.springframework.scheduling.quartz.QuartzJobBean.execute(QuartzJobBean.java:79)
	at org.quartz.core.JobRunShell.run(JobRunShell.java:202)
	at org.quartz.simpl.SimpleThreadPool$WorkerThread.run(SimpleThreadPool.java:529)
Caused by: java.sql.BatchUpdateException: ORA-00001: violation de contrainte unique (SMILE.JOURNEE_ST_PK)

	at oracle.jdbc.driver.DatabaseError.throwBatchUpdateException(DatabaseError.java:343)
	at oracle.jdbc.driver.OraclePreparedStatement.executeBatch(OraclePreparedStatement.java:10768)
	at org.apache.commons.dbcp.DelegatingStatement.executeBatch(DelegatingStatement.java:294)
	at org.hibernate.jdbc.BatchingBatcher.doExecuteBatch(BatchingBatcher.java:48)
	at org.hibernate.jdbc.AbstractBatcher.executeBatch(AbstractBatcher.java:247)
	... 22 more
BNA-LOG >> [ERROR][24 04 2026 16:16:28][com.bna.commun.traitements.Traitement][Exception : ]
 org.springframework.dao.DataIntegrityViolationException: Could not execute JDBC batch update; nested exception is org.hibernate.exception.ConstraintViolationException: Could not execute JDBC batch update
Caused by: 
org.hibernate.exception.ConstraintViolationException: Could not execute JDBC batch update
	at org.hibernate.exception.SQLStateConverter.convert(SQLStateConverter.java:71)
	at org.hibernate.exception.JDBCExceptionHelper.convert(JDBCExceptionHelper.java:43)
	at org.hibernate.jdbc.AbstractBatcher.executeBatch(AbstractBatcher.java:254)
	at org.hibernate.engine.ActionQueue.executeActions(ActionQueue.java:266)
	at org.hibernate.engine.ActionQueue.executeActions(ActionQueue.java:167)
	at org.hibernate.event.def.AbstractFlushingEventListener.performExecutions(AbstractFlushingEventListener.java:298)
	at org.hibernate.event.def.DefaultFlushEventListener.onFlush(DefaultFlushEventListener.java:27)
	at org.hibernate.impl.SessionImpl.flush(SessionImpl.java:1001)
	at org.hibernate.impl.SessionImpl.managedFlush(SessionImpl.java:339)
	at org.hibernate.transaction.JDBCTransaction.commit(JDBCTransaction.java:106)
	at org.springframework.orm.hibernate3.HibernateTransactionManager.doCommit(HibernateTransactionManager.java:558)
	at org.springframework.transaction.support.AbstractPlatformTransactionManager.processCommit(AbstractPlatformTransactionManager.java:540)
	at org.springframework.transaction.support.AbstractPlatformTransactionManager.commit(AbstractPlatformTransactionManager.java:510)
	at org.springframework.transaction.interceptor.TransactionAspectSupport.commitTransactionAfterReturning(TransactionAspectSupport.java:310)
	at org.springframework.transaction.interceptor.TransactionInterceptor.invoke(TransactionInterceptor.java:117)
	at org.springframework.aop.framework.ReflectiveMethodInvocation.proceed(ReflectiveMethodInvocation.java:185)
	at org.springframework.aop.framework.Cglib2AopProxy$DynamicAdvisedInterceptor.intercept(Cglib2AopProxy.java:652)
	at com.bna.smile.model.domainecommun.service.CRUDservice$$EnhancerByCGLIB$$71eaf4b6.create(<generated>)
	at com.bna.smile.model.domaineplacement.traitement.LiquidationAEcheanceTrt.perform(LiquidationAEcheanceTrt.java:100)
	at com.oxia.fwk.beans.traitement.AbstractTraitement.exec(AbstractTraitement.java:386)
	at com.bna.smile.batch.moulinette.MoulinetteLiquidationAecheance.perform(MoulinetteLiquidationAecheance.java:28)
	at com.oxia.scheduling.quartz.core.AbstractJob.executeInternal(AbstractJob.java:44)
	at org.springframework.scheduling.quartz.QuartzJobBean.execute(QuartzJobBean.java:79)
	at org.quartz.core.JobRunShell.run(JobRunShell.java:202)
	at org.quartz.simpl.SimpleThreadPool$WorkerThread.run(SimpleThreadPool.java:529)
Caused by: java.sql.BatchUpdateException: ORA-00001: violation de contrainte unique (SMILE.JOURNEE_ST_PK)

	at oracle.jdbc.driver.DatabaseError.throwBatchUpdateException(DatabaseError.java:343)
	at oracle.jdbc.driver.OraclePreparedStatement.executeBatch(OraclePreparedStatement.java:10768)
	at org.apache.commons.dbcp.DelegatingStatement.executeBatch(DelegatingStatement.java:294)
	at org.hibernate.jdbc.BatchingBatcher.doExecuteBatch(BatchingBatcher.java:48)
	at org.hibernate.jdbc.AbstractBatcher.executeBatch(AbstractBatcher.java:247)
	... 22 more
BNA-LOG >> [FATAL][24 04 2026 16:16:28][com.bna.smile.batch.moulinette.MoulinetteLiquidationAecheance][**** exception *** : class com.bna.smile.batch.moulinette.MoulinetteLiquidationAecheance ----- java.lang.RuntimeException: org.springframework.dao.DataIntegrityViolationException: Could not execute JDBC batch update; nested exception is org.hibernate.exception.ConstraintViolationException: Could not execute JDBC batch update]
 BNA-LOG >> [ERROR][24 04 2026 16:16:31][com.oxia.fwk.context.Context][Contexte failure]
 BNA-LOG >> [ERROR][24 04 2026 16:16:31][com.bna.commun.traitements.Traitement][Exception : ]
 java.lang.NullPointerException
	at com.bna.smile.model.domaineplacement.traitement.LiquidationAEcheanceTrt.perform(LiquidationAEcheanceTrt.java:130)
	at com.oxia.fwk.beans.traitement.AbstractTraitement.exec(AbstractTraitement.java:386)
	at com.bna.smile.batch.moulinette.MoulinetteLiquidationAecheance.perform(MoulinetteLiquidationAecheance.java:28)
	at com.oxia.scheduling.quartz.core.AbstractJob.executeInternal(AbstractJob.java:44)
	at org.springframework.scheduling.quartz.QuartzJobBean.execute(QuartzJobBean.java:79)
	at org.quartz.core.JobRunShell.run(JobRunShell.java:202)
	at org.quartz.simpl.SimpleThreadPool$WorkerThread.run(SimpleThreadPool.java:529)
BNA-LOG >> [FATAL][24 04 2026 16:16:31][com.bna.smile.batch.moulinette.MoulinetteLiquidationAecheance][**** exception *** : class com.bna.smile.batch.moulinette.MoulinetteLiquidationAecheance ----- java.lang.IndexOutOfBoundsException: Index: 0, Size: 0]
 BNA-LOG >> [ERROR][24 04 2026 16:17:45][com.oxia.fwk.context.Context][Contexte failure]
 BNA-LOG >> [FATAL][24 04 2026 16:17:45][com.oxia.scheduling.quartz.core.AbstractJob][**** Exception *** MoulinettePositionCompensation *** : class com.bna.smile.batch.moulinette.MoulinettePositionChequeACH]
 BNA-LOG >> [ERROR][24 04 2026 16:17:45][com.oxia.scheduling.quartz.core.AbstractJob][Exception : ]
 java.lang.NullPointerException
	at com.bna.smile.batch.moulinette.MoulinettePositionChequeACH.perform(MoulinettePositionChequeACH.java:130)
	at com.bna.smile.batch.test.MoulinetteChequeTest.run(MoulinetteChequeTest.java:40)
	at java.lang.Thread.run(Thread.java:748)
BNA-LOG >> [ERROR][24 04 2026 16:32:12][com.oxia.fwk.context.Context][Contexte failure]
 BNA-LOG >> [ERROR][24 04 2026 16:33:04][com.oxia.fwk.context.Context][Contexte failure]
 BNA-LOG >> [ERROR][24 04 2026 16:50:39][com.oxia.fwk.context.Context][Contexte failure]
 BNA-LOG >> [FATAL][24 04 2026 16:50:39][com.oxia.scheduling.quartz.core.AbstractJob][**** Exception *** MoulinettePositionCompensation *** : class com.bna.smile.batch.moulinette.MoulinettePositionChequeACH]
 BNA-LOG >> [ERROR][24 04 2026 16:50:39][com.oxia.scheduling.quartz.core.AbstractJob][Exception : ]
 java.lang.NullPointerException
	at com.bna.smile.batch.moulinette.MoulinettePositionChequeACH.perform(MoulinettePositionChequeACH.java:130)
	at com.bna.smile.batch.test.MoulinetteChequeTest.run(MoulinetteChequeTest.java:40)
	at java.lang.Thread.run(Thread.java:748)
